// Jest Snapshot v1, https://goo.gl/fbAQLP

exports[`logs - maxJobNamePadding set to 0 1`] = `
"[94mshort-name[39m [95mstarting[39m shell ([33m.pre[39m)
[94mshort-name[39m [32m$ echo "short-name"[39m
[94mshort-name[39m [92m>[39m short-name
[94mshort-name[39m [95mfinished[39m in [35m1 ms[39m

[30m[102m PASS [49m[39m [94mshort-name[39m"
`;

exports[`logs - maxJobNamePadding set to 30 1`] = `
"[94mshort-name                    [39m [95mstarting[39m shell ([33m.pre[39m)
[94mshort-name                    [39m [32m$ echo "short-name"[39m
[94mshort-name                    [39m [92m>[39m short-name
[94mshort-name                    [39m [95mfinished[39m in [35m1 ms[39m

[30m[102m PASS [49m[39m [94mshort-name                    [39m"
`;

exports[`logs - maxJobNamePadding unset 1`] = `
"[94mshort-name                                 [39m [95mstarting[39m shell ([33m.pre[39m)
[94mshort-name                                 [39m [32m$ echo "short-name"[39m
[94mshort-name                                 [39m [92m>[39m short-name
[94mshort-name                                 [39m [95mfinished[39m in [35m1 ms[39m

[30m[102m PASS [49m[39m [94mshort-name                                 [39m"
`;
